  Identification des projets ├á restaurer...
G:\MCS\Github\apps\PeasyPilot\src\PeasyPilot.Bogus\PeasyPilot.Bogus.csproj : warning NU1507: There are 2 package sources defined in your configuration. When using central package management, map your package sources with package source mapping (https://aka.ms/nuget-package-source-mapping) or specify a single package source. The following sources are defined: nuget.org, github [G:\MCS\Github\apps\PeasyPilot\samples\PeasyPilot.TUnit.Samples\PeasyPilot.TUnit.Samples.csproj]
G:\MCS\Github\apps\PeasyPilot\src\PeasyPilot.Moq\PeasyPilot.Moq.csproj : warning NU1507: There are 2 package sources defined in your configuration. When using central package management, map your package sources with package source mapping (https://aka.ms/nuget-package-source-mapping) or specify a single package source. The following sources are defined: nuget.org, github [G:\MCS\Github\apps\PeasyPilot\samples\PeasyPilot.TUnit.Samples\PeasyPilot.TUnit.Samples.csproj]
G:\MCS\Github\apps\PeasyPilot\src\PeasyPilot.Core\PeasyPilot.Core.csproj : warning NU1507: There are 2 package sources defined in your configuration. When using central package management, map your package sources with package source mapping (https://aka.ms/nuget-package-source-mapping) or specify a single package source. The following sources are defined: nuget.org, github [G:\MCS\Github\apps\PeasyPilot\samples\PeasyPilot.TUnit.Samples\PeasyPilot.TUnit.Samples.csproj]
G:\MCS\Github\apps\PeasyPilot\src\PeasyPilot.Unit\PeasyPilot.Unit.csproj : warning NU1507: There are 2 package sources defined in your configuration. When using central package management, map your package sources with package source mapping (https://aka.ms/nuget-package-source-mapping) or specify a single package source. The following sources are defined: nuget.org, github [G:\MCS\Github\apps\PeasyPilot\samples\PeasyPilot.TUnit.Samples\PeasyPilot.TUnit.Samples.csproj]
G:\MCS\Github\apps\PeasyPilot\src\PeasyPilot.TUnit\PeasyPilot.TUnit.csproj : warning NU1507: There are 2 package sources defined in your configuration. When using central package management, map your package sources with package source mapping (https://aka.ms/nuget-package-source-mapping) or specify a single package source. The following sources are defined: nuget.org, github [G:\MCS\Github\apps\PeasyPilot\samples\PeasyPilot.TUnit.Samples\PeasyPilot.TUnit.Samples.csproj]
G:\MCS\Github\apps\PeasyPilot\samples\PeasyPilot.TUnit.Samples\PeasyPilot.TUnit.Samples.csproj : warning NU1507: There are 2 package sources defined in your configuration. When using central package management, map your package sources with package source mapping (https://aka.ms/nuget-package-source-mapping) or specify a single package source. The following sources are defined: nuget.org, github
  Tous les projets sont ├á jour pour la restauration.
C:\Users\DevOps\.nuget\packages\microsoft.testing.platform.msbuild\2.4.0\buildMultiTargeting\Microsoft.Testing.Platform.MSBuild.targets(355,5): error : Testing with VSTest target is no longer supported by Microsoft.Testing.Platform on .NET 10 SDK and later. If you use dotnet test, you should opt-in to the new dotnet test experience. For more information, see https://aka.ms/dotnet-test-mtp-error [G:\MCS\Github\apps\PeasyPilot\samples\PeasyPilot.TUnit.Samples\PeasyPilot.TUnit.Samples.csproj::TargetFramework=net8.0]
